mode: set
github.com/tickstem/verify/client.go:36.37,37.25 1 1
github.com/tickstem/verify/client.go:37.25,39.3 1 1
github.com/tickstem/verify/client.go:42.45,43.25 1 1
github.com/tickstem/verify/client.go:43.25,45.3 1 1
github.com/tickstem/verify/client.go:48.49,56.27 2 1
github.com/tickstem/verify/client.go:56.27,58.3 1 1
github.com/tickstem/verify/client.go:59.2,59.10 1 1
github.com/tickstem/verify/client.go:63.77,65.16 2 1
github.com/tickstem/verify/client.go:65.16,67.3 1 0
github.com/tickstem/verify/client.go:69.2,70.16 2 1
github.com/tickstem/verify/client.go:70.16,72.3 1 0
github.com/tickstem/verify/client.go:73.2,77.16 4 1
github.com/tickstem/verify/client.go:77.16,79.3 1 0
github.com/tickstem/verify/client.go:80.2,80.15 1 1
github.com/tickstem/verify/client.go:80.15,80.40 1 1
github.com/tickstem/verify/client.go:82.2,83.16 2 1
github.com/tickstem/verify/client.go:83.16,85.3 1 0
github.com/tickstem/verify/client.go:87.2,87.28 1 1
github.com/tickstem/verify/client.go:87.28,89.3 1 1
github.com/tickstem/verify/client.go:91.2,92.58 2 1
github.com/tickstem/verify/client.go:92.58,94.3 1 0
github.com/tickstem/verify/client.go:95.2,95.21 1 1
github.com/tickstem/verify/client.go:105.99,113.16 3 1
github.com/tickstem/verify/client.go:113.16,115.3 1 0
github.com/tickstem/verify/client.go:116.2,119.16 3 1
github.com/tickstem/verify/client.go:119.16,121.3 1 0
github.com/tickstem/verify/client.go:122.2,122.15 1 1
github.com/tickstem/verify/client.go:122.15,122.40 1 1
github.com/tickstem/verify/client.go:124.2,125.16 2 1
github.com/tickstem/verify/client.go:125.16,127.3 1 0
github.com/tickstem/verify/client.go:129.2,129.28 1 1
github.com/tickstem/verify/client.go:129.28,131.3 1 0
github.com/tickstem/verify/client.go:133.2,134.56 2 1
github.com/tickstem/verify/client.go:134.56,136.3 1 0
github.com/tickstem/verify/client.go:137.2,137.19 1 1
github.com/tickstem/verify/client.go:140.36,141.31 1 1
github.com/tickstem/verify/client.go:141.31,143.3 1 1
github.com/tickstem/verify/client.go:144.2,144.14 1 1
github.com/tickstem/verify/errors.go:14.35,16.2 1 1
github.com/tickstem/verify/errors.go:18.37,21.2 2 1
github.com/tickstem/verify/errors.go:24.38,27.2 2 1
github.com/tickstem/verify/errors.go:33.59,35.78 2 1
github.com/tickstem/verify/errors.go:35.78,37.3 1 1
github.com/tickstem/verify/errors.go:38.2,38.65 1 1
